%!Adobe-FontList 1.16
%Locale:0x412

%BeginFont
Handler:DirectoryHandler
FontType:TrueType
FontName:fontello
FamilyName:fontello
StyleName:Regular
FullName:fontello
MenuName:fontello
StyleBits:0
WritingScript:Roman
OutlineFileName:C:\Users\USER\Desktop\sportsfactory\[07]앱소개 홈페이지\Font\fontello.ttf
DataFormat:sfntData
FileLength:16492
FileModTime:1498432424
WeightClass:400
WidthClass:5
AngleClass:0
NameArray:0,Mac,4,fontello
NameArray:0,Win,1,fontello
%EndFont

%BeginFont
Handler:DirectoryHandler
FontType:Invalid
OutlineFileName:C:\Users\USER\Desktop\sportsfactory\[07]앱소개 홈페이지\Font\fontello.woff
FileModTime:1498432424
%EndFont

%BeginFont
Handler:DirectoryHandler
FontType:TrueType
FontName:NanumSquareB
FamilyName:NanumSquare
StyleName:Bold
FullName:NanumSquare Bold
MenuName:나눔스퀘어 Bold
StyleBits:0
FamilyNameNative:나눔스퀘어
StyleNameNative:Bold
FullNameNative:나눔스퀘어 Bold
WritingScript:Korean
OutlineFileName:C:\Users\USER\Desktop\sportsfactory\[07]앱소개 홈페이지\Font\NanumSquareB.ttf
DataFormat:sfntData
FileLength:733500
FileModTime:1491181546
WeightClass:700
WidthClass:5
AngleClass:0
NameArray:0,Mac,4,NanumSquare Bold
NameArray:3,Mac,4,나눔스퀘어 Bold
NameArray:0,Win,1,NanumSquare Bold
NameArray:0,Win,16,NanumSquare
NameArray:3,Win,1,나눔스퀘어 Bold
NameArray:3,Win,16,나눔스퀘어
%EndFont

%BeginFont
Handler:DirectoryHandler
FontType:TrueType
FontName:NanumSquareR
FamilyName:NanumSquare
StyleName:Regular
FullName:NanumSquare Regular
MenuName:나눔스퀘어
StyleBits:0
FamilyNameNative:나눔스퀘어
StyleNameNative:Regular
FullNameNative:나눔스퀘어 Regular
WritingScript:Korean
OutlineFileName:C:\Users\USER\Desktop\sportsfactory\[07]앱소개 홈페이지\Font\NanumSquareR.ttf
DataFormat:sfntData
FileLength:723640
FileModTime:1491181546
WeightClass:400
WidthClass:5
AngleClass:0
NameArray:0,Mac,4,NanumSquare Regular
NameArray:3,Mac,4,나눔스퀘어 Regular
NameArray:3,Mac,18,나눔스퀘어
NameArray:0,Win,1,NanumSquare
NameArray:0,Win,16,NanumSquare
NameArray:3,Win,1,나눔스퀘어
NameArray:3,Win,16,나눔스퀘어
%EndFont

